// Jest Snapshot v1, https://goo.gl/fbAQLP

exports[`BannerCta should match the snapshot 1`] = `
<div
  className="bg-cta"
>
  <div
    className="main-call"
  >
    <h5
      id="cta-title"
    >
      <slot
        name="title"
      >
        Default Title
      </slot>
    </h5>
    <p>
      <slot
        name="message"
      >
        Default call-to-action message.
      </slot>
    </p>
  </div>
  <slot
    name="button"
  />
</div>
`;
