// Jest Snapshot v1, https://goo.gl/fbAQLP

exports[`Button should match the snapshot 1`] = `
<button
  aria-disabled={false}
  aria-label="test"
  className="primary nge-button"
  disabled={false}
  type="submit"
>
  <nge-icon
    className="loading-icon"
    name="bouncing-circles"
    size="medium"
  />
  <span
    className="button-text"
  >
    test
  </span>
</button>
`;
