// Jest Snapshot v1, https://goo.gl/fbAQLP

exports[`Link should match the snapshot 1`] = `
<a
  href="/"
>
  <nge-typography
    size="h1"
  >
    <slot />
  </nge-typography>
</a>
`;
