// Jest Snapshot v1, https://goo.gl/fbAQLP

exports[`Typography should match the snapshot 1`] = `
<h1
  className="h1"
>
  <slot />
</h1>
`;
