// Jest Snapshot v1, https://goo.gl/fbAQLP

exports[`Button should match the snapshot 1`] = `
<button
  className="primary"
  disabled={false}
>
  <nge-typography
    size="button"
  >
    <slot />
  </nge-typography>
</button>
`;
