// Jest Snapshot v1, https://goo.gl/fbAQLP

exports[`Icon should match the snapshot 1`] = `null`;
